dotnet watch 🔥 Hot reload enabled. For a list of supported edits, see https://aka.ms/dotnet/hot-reload.
dotnet watch 💡 Press Ctrl+R to restart.
dotnet watch 🔨 Building C:\Users\FIRAT\Desktop\Tubitak-Tez\backend\src/EduConnect.Api\EduConnect.Api.csproj ...
dotnet watch 🔨 Build succeeded: C:\Users\FIRAT\Desktop\Tubitak-Tez\backend\src/EduConnect.Api\EduConnect.Api.csproj
dotnet watch ⌚ File updated: .\src\EduConnect.Application\Contracts\Groups\GroupContracts.cs
dotnet watch 🔥 Unable to apply changes due to compilation errors.
dotnet watch ❌ C:\Users\FIRAT\Desktop\Tubitak-Tez\backend\src\EduConnect.Application\Contracts\Groups\GroupContracts.cs(71,43): error CS0509: 'GroupDetailResponse': cannot derive from sealed type 'GroupResponse'
dotnet watch ⌚ File updated: .\src\EduConnect.Api\Mappings\MappingExtensions.cs
dotnet watch 🔥 Unable to apply changes due to compilation errors.
dotnet watch ❌ C:\Users\FIRAT\Desktop\Tubitak-Tez\backend\src\EduConnect.Api\Mappings\MappingExtensions.cs(161,13): error CS0117: 'GroupDetailResponse' does not contain a definition for 'Id'
dotnet watch ❌ C:\Users\FIRAT\Desktop\Tubitak-Tez\backend\src\EduConnect.Api\Mappings\MappingExtensions.cs(162,13): error CS0117: 'GroupDetailResponse' does not contain a definition for 'Name'
dotnet watch ❌ C:\Users\FIRAT\Desktop\Tubitak-Tez\backend\src\EduConnect.Api\Mappings\MappingExtensions.cs(163,13): error CS0117: 'GroupDetailResponse' does not contain a definition for 'Slug'
dotnet watch ❌ C:\Users\FIRAT\Desktop\Tubitak-Tez\backend\src\EduConnect.Api\Mappings\MappingExtensions.cs(164,13): error CS0117: 'GroupDetailResponse' does not contain a definition for 'ShortDescription'
dotnet watch ❌ C:\Users\FIRAT\Desktop\Tubitak-Tez\backend\src\EduConnect.Api\Mappings\MappingExtensions.cs(165,13): error CS0117: 'GroupDetailResponse' does not contain a definition for 'Description'
dotnet watch ❌ C:\Users\FIRAT\Desktop\Tubitak-Tez\backend\src\EduConnect.Api\Mappings\MappingExtensions.cs(166,13): error CS0117: 'GroupDetailResponse' does not contain a definition for 'AvatarUrl'
dotnet watch ❌ C:\Users\FIRAT\Desktop\Tubitak-Tez\backend\src\EduConnect.Api\Mappings\MappingExtensions.cs(167,13): error CS0117: 'GroupDetailResponse' does not contain a definition for 'BannerUrl'
dotnet watch ❌ C:\Users\FIRAT\Desktop\Tubitak-Tez\backend\src\EduConnect.Api\Mappings\MappingExtensions.cs(168,13): error CS0117: 'GroupDetailResponse' does not contain a definition for 'Category'
dotnet watch ❌ C:\Users\FIRAT\Desktop\Tubitak-Tez\backend\src\EduConnect.Api\Mappings\MappingExtensions.cs(169,13): error CS0117: 'GroupDetailResponse' does not contain a definition for 'CreatorUserId'
dotnet watch ❌ C:\Users\FIRAT\Desktop\Tubitak-Tez\backend\src\EduConnect.Api\Mappings\MappingExtensions.cs(170,13): error CS0117: 'GroupDetailResponse' does not contain a definition for 'CreatorName'
dotnet watch ❌ C:\Users\FIRAT\Desktop\Tubitak-Tez\backend\src\EduConnect.Api\Mappings\MappingExtensions.cs(171,13): error CS0117: 'GroupDetailResponse' does not contain a definition for 'MemberCount'
dotnet watch ❌ C:\Users\FIRAT\Desktop\Tubitak-Tez\backend\src\EduConnect.Api\Mappings\MappingExtensions.cs(172,13): error CS0117: 'GroupDetailResponse' does not contain a definition for 'PreviewMembers'
dotnet watch ❌ C:\Users\FIRAT\Desktop\Tubitak-Tez\backend\src\EduConnect.Api\Mappings\MappingExtensions.cs(173,13): error CS0117: 'GroupDetailResponse' does not contain a definition for 'JoinedByCurrentUser'
dotnet watch ❌ C:\Users\FIRAT\Desktop\Tubitak-Tez\backend\src\EduConnect.Api\Mappings\MappingExtensions.cs(174,13): error CS0117: 'GroupDetailResponse' does not contain a definition for 'CreatedAtUtc'
dotnet watch ❌ C:\Users\FIRAT\Desktop\Tubitak-Tez\backend\src\EduConnect.Application\Contracts\Groups\GroupContracts.cs(71,43): error CS0509: 'GroupDetailResponse': cannot derive from sealed type 'GroupResponse'
dotnet watch ⌚ File added: .\src\EduConnect.Infrastructure\Data\Migrations\20260405193000_AddPostBookmarksAndViews.cs
dotnet watch 🔥 Unable to apply changes due to compilation errors.
dotnet watch ❌ C:\Users\FIRAT\Desktop\Tubitak-Tez\backend\src\EduConnect.Api\Mappings\MappingExtensions.cs(161,13): error CS0117: 'GroupDetailResponse' does not contain a definition for 'Id'
dotnet watch ❌ C:\Users\FIRAT\Desktop\Tubitak-Tez\backend\src\EduConnect.Api\Mappings\MappingExtensions.cs(162,13): error CS0117: 'GroupDetailResponse' does not contain a definition for 'Name'
dotnet watch ❌ C:\Users\FIRAT\Desktop\Tubitak-Tez\backend\src\EduConnect.Api\Mappings\MappingExtensions.cs(163,13): error CS0117: 'GroupDetailResponse' does not contain a definition for 'Slug'
dotnet watch ❌ C:\Users\FIRAT\Desktop\Tubitak-Tez\backend\src\EduConnect.Api\Mappings\MappingExtensions.cs(164,13): error CS0117: 'GroupDetailResponse' does not contain a definition for 'ShortDescription'
dotnet watch ❌ C:\Users\FIRAT\Desktop\Tubitak-Tez\backend\src\EduConnect.Api\Mappings\MappingExtensions.cs(165,13): error CS0117: 'GroupDetailResponse' does not contain a definition for 'Description'
dotnet watch ❌ C:\Users\FIRAT\Desktop\Tubitak-Tez\backend\src\EduConnect.Api\Mappings\MappingExtensions.cs(166,13): error CS0117: 'GroupDetailResponse' does not contain a definition for 'AvatarUrl'
dotnet watch ❌ C:\Users\FIRAT\Desktop\Tubitak-Tez\backend\src\EduConnect.Api\Mappings\MappingExtensions.cs(167,13): error CS0117: 'GroupDetailResponse' does not contain a definition for 'BannerUrl'
dotnet watch ❌ C:\Users\FIRAT\Desktop\Tubitak-Tez\backend\src\EduConnect.Api\Mappings\MappingExtensions.cs(168,13): error CS0117: 'GroupDetailResponse' does not contain a definition for 'Category'
dotnet watch ❌ C:\Users\FIRAT\Desktop\Tubitak-Tez\backend\src\EduConnect.Api\Mappings\MappingExtensions.cs(169,13): error CS0117: 'GroupDetailResponse' does not contain a definition for 'CreatorUserId'
dotnet watch ❌ C:\Users\FIRAT\Desktop\Tubitak-Tez\backend\src\EduConnect.Api\Mappings\MappingExtensions.cs(170,13): error CS0117: 'GroupDetailResponse' does not contain a definition for 'CreatorName'
dotnet watch ❌ C:\Users\FIRAT\Desktop\Tubitak-Tez\backend\src\EduConnect.Api\Mappings\MappingExtensions.cs(171,13): error CS0117: 'GroupDetailResponse' does not contain a definition for 'MemberCount'
dotnet watch ❌ C:\Users\FIRAT\Desktop\Tubitak-Tez\backend\src\EduConnect.Api\Mappings\MappingExtensions.cs(172,13): error CS0117: 'GroupDetailResponse' does not contain a definition for 'PreviewMembers'
dotnet watch ❌ C:\Users\FIRAT\Desktop\Tubitak-Tez\backend\src\EduConnect.Api\Mappings\MappingExtensions.cs(173,13): error CS0117: 'GroupDetailResponse' does not contain a definition for 'JoinedByCurrentUser'
dotnet watch ❌ C:\Users\FIRAT\Desktop\Tubitak-Tez\backend\src\EduConnect.Api\Mappings\MappingExtensions.cs(174,13): error CS0117: 'GroupDetailResponse' does not contain a definition for 'CreatedAtUtc'
dotnet watch ❌ C:\Users\FIRAT\Desktop\Tubitak-Tez\backend\src\EduConnect.Application\Contracts\Groups\GroupContracts.cs(71,43): error CS0509: 'GroupDetailResponse': cannot derive from sealed type 'GroupResponse'
dotnet watch ⌚ File updated: .\src\EduConnect.Api\Controllers\GroupsController.cs
dotnet watch 🔥 Unable to apply changes due to compilation errors.
dotnet watch ❌ C:\Users\FIRAT\Desktop\Tubitak-Tez\backend\src\EduConnect.Api\Controllers\GroupsController.cs(320,38): error CS1513: } expected
dotnet watch ❌ C:\Users\FIRAT\Desktop\Tubitak-Tez\backend\src\EduConnect.Api\Mappings\MappingExtensions.cs(161,13): error CS0117: 'GroupDetailResponse' does not contain a definition for 'Id'
dotnet watch ❌ C:\Users\FIRAT\Desktop\Tubitak-Tez\backend\src\EduConnect.Api\Mappings\MappingExtensions.cs(162,13): error CS0117: 'GroupDetailResponse' does not contain a definition for 'Name'
dotnet watch ❌ C:\Users\FIRAT\Desktop\Tubitak-Tez\backend\src\EduConnect.Api\Mappings\MappingExtensions.cs(163,13): error CS0117: 'GroupDetailResponse' does not contain a definition for 'Slug'
dotnet watch ❌ C:\Users\FIRAT\Desktop\Tubitak-Tez\backend\src\EduConnect.Api\Mappings\MappingExtensions.cs(164,13): error CS0117: 'GroupDetailResponse' does not contain a definition for 'ShortDescription'
dotnet watch ❌ C:\Users\FIRAT\Desktop\Tubitak-Tez\backend\src\EduConnect.Api\Mappings\MappingExtensions.cs(165,13): error CS0117: 'GroupDetailResponse' does not contain a definition for 'Description'
dotnet watch ❌ C:\Users\FIRAT\Desktop\Tubitak-Tez\backend\src\EduConnect.Api\Mappings\MappingExtensions.cs(166,13): error CS0117: 'GroupDetailResponse' does not contain a definition for 'AvatarUrl'
dotnet watch ❌ C:\Users\FIRAT\Desktop\Tubitak-Tez\backend\src\EduConnect.Api\Mappings\MappingExtensions.cs(167,13): error CS0117: 'GroupDetailResponse' does not contain a definition for 'BannerUrl'
dotnet watch ❌ C:\Users\FIRAT\Desktop\Tubitak-Tez\backend\src\EduConnect.Api\Mappings\MappingExtensions.cs(168,13): error CS0117: 'GroupDetailResponse' does not contain a definition for 'Category'
dotnet watch ❌ C:\Users\FIRAT\Desktop\Tubitak-Tez\backend\src\EduConnect.Api\Mappings\MappingExtensions.cs(169,13): error CS0117: 'GroupDetailResponse' does not contain a definition for 'CreatorUserId'
dotnet watch ❌ C:\Users\FIRAT\Desktop\Tubitak-Tez\backend\src\EduConnect.Api\Mappings\MappingExtensions.cs(170,13): error CS0117: 'GroupDetailResponse' does not contain a definition for 'CreatorName'
dotnet watch ❌ C:\Users\FIRAT\Desktop\Tubitak-Tez\backend\src\EduConnect.Api\Mappings\MappingExtensions.cs(171,13): error CS0117: 'GroupDetailResponse' does not contain a definition for 'MemberCount'
dotnet watch ❌ C:\Users\FIRAT\Desktop\Tubitak-Tez\backend\src\EduConnect.Api\Mappings\MappingExtensions.cs(172,13): error CS0117: 'GroupDetailResponse' does not contain a definition for 'PreviewMembers'
dotnet watch ❌ C:\Users\FIRAT\Desktop\Tubitak-Tez\backend\src\EduConnect.Api\Mappings\MappingExtensions.cs(173,13): error CS0117: 'GroupDetailResponse' does not contain a definition for 'JoinedByCurrentUser'
dotnet watch ❌ C:\Users\FIRAT\Desktop\Tubitak-Tez\backend\src\EduConnect.Api\Mappings\MappingExtensions.cs(174,13): error CS0117: 'GroupDetailResponse' does not contain a definition for 'CreatedAtUtc'
dotnet watch ❌ C:\Users\FIRAT\Desktop\Tubitak-Tez\backend\src\EduConnect.Application\Contracts\Groups\GroupContracts.cs(71,43): error CS0509: 'GroupDetailResponse': cannot derive from sealed type 'GroupResponse'
dotnet watch ⌚ File updated: .\src\EduConnect.Api\Controllers\GroupsController.cs
dotnet watch 🔥 Unable to apply changes due to compilation errors.
dotnet watch ❌ C:\Users\FIRAT\Desktop\Tubitak-Tez\backend\src\EduConnect.Api\Mappings\MappingExtensions.cs(161,13): error CS0117: 'GroupDetailResponse' does not contain a definition for 'Id'
dotnet watch ❌ C:\Users\FIRAT\Desktop\Tubitak-Tez\backend\src\EduConnect.Api\Mappings\MappingExtensions.cs(162,13): error CS0117: 'GroupDetailResponse' does not contain a definition for 'Name'
dotnet watch ❌ C:\Users\FIRAT\Desktop\Tubitak-Tez\backend\src\EduConnect.Api\Mappings\MappingExtensions.cs(163,13): error CS0117: 'GroupDetailResponse' does not contain a definition for 'Slug'
dotnet watch ❌ C:\Users\FIRAT\Desktop\Tubitak-Tez\backend\src\EduConnect.Api\Mappings\MappingExtensions.cs(164,13): error CS0117: 'GroupDetailResponse' does not contain a definition for 'ShortDescription'
dotnet watch ❌ C:\Users\FIRAT\Desktop\Tubitak-Tez\backend\src\EduConnect.Api\Mappings\MappingExtensions.cs(165,13): error CS0117: 'GroupDetailResponse' does not contain a definition for 'Description'
dotnet watch ❌ C:\Users\FIRAT\Desktop\Tubitak-Tez\backend\src\EduConnect.Api\Mappings\MappingExtensions.cs(166,13): error CS0117: 'GroupDetailResponse' does not contain a definition for 'AvatarUrl'
dotnet watch ❌ C:\Users\FIRAT\Desktop\Tubitak-Tez\backend\src\EduConnect.Api\Mappings\MappingExtensions.cs(167,13): error CS0117: 'GroupDetailResponse' does not contain a definition for 'BannerUrl'
dotnet watch ❌ C:\Users\FIRAT\Desktop\Tubitak-Tez\backend\src\EduConnect.Api\Mappings\MappingExtensions.cs(168,13): error CS0117: 'GroupDetailResponse' does not contain a definition for 'Category'
dotnet watch ❌ C:\Users\FIRAT\Desktop\Tubitak-Tez\backend\src\EduConnect.Api\Mappings\MappingExtensions.cs(169,13): error CS0117: 'GroupDetailResponse' does not contain a definition for 'CreatorUserId'
dotnet watch ❌ C:\Users\FIRAT\Desktop\Tubitak-Tez\backend\src\EduConnect.Api\Mappings\MappingExtensions.cs(170,13): error CS0117: 'GroupDetailResponse' does not contain a definition for 'CreatorName'
dotnet watch ❌ C:\Users\FIRAT\Desktop\Tubitak-Tez\backend\src\EduConnect.Api\Mappings\MappingExtensions.cs(171,13): error CS0117: 'GroupDetailResponse' does not contain a definition for 'MemberCount'
dotnet watch ❌ C:\Users\FIRAT\Desktop\Tubitak-Tez\backend\src\EduConnect.Api\Mappings\MappingExtensions.cs(172,13): error CS0117: 'GroupDetailResponse' does not contain a definition for 'PreviewMembers'
dotnet watch ❌ C:\Users\FIRAT\Desktop\Tubitak-Tez\backend\src\EduConnect.Api\Mappings\MappingExtensions.cs(173,13): error CS0117: 'GroupDetailResponse' does not contain a definition for 'JoinedByCurrentUser'
dotnet watch ❌ C:\Users\FIRAT\Desktop\Tubitak-Tez\backend\src\EduConnect.Api\Mappings\MappingExtensions.cs(174,13): error CS0117: 'GroupDetailResponse' does not contain a definition for 'CreatedAtUtc'
dotnet watch ❌ C:\Users\FIRAT\Desktop\Tubitak-Tez\backend\src\EduConnect.Application\Contracts\Groups\GroupContracts.cs(71,43): error CS0509: 'GroupDetailResponse': cannot derive from sealed type 'GroupResponse'
dotnet watch ⌚ File updated: .\src\EduConnect.Application\Contracts\Groups\GroupContracts.cs
dotnet watch 🔥 Restart is needed to apply the changes.
dotnet watch ❌ C:\Users\FIRAT\Desktop\Tubitak-Tez\backend\src\EduConnect.Application\Contracts\Groups\GroupContracts.cs(27,1): error ENC0004: Updating the modifiers of class requires restarting the application.
dotnet watch ❌ [EduConnect.Api (net10.0)] Exited with error code -1
dotnet watch ⏳ Waiting for a file to change before restarting ...
